// Jest Snapshot v1, https://goo.gl/fbAQLP

exports[`CanIUseProvider should return unsupported iOS targets with range value for Fetch API 1`] = `[]`;
